[1/20] oyun 1: 1/2-1/2 (threefold_repetition)  inphish5: +0 =1 -0  50.0%  elo -0 ±1200  süreden kayıp inphish5:0 SF19-3000:0  (3s)
[2/20] oyun 2: 0-1 (checkmate)  inphish5: +1 =1 -0  75.0%  elo +191 ±634  süreden kayıp inphish5:0 SF19-3000:0  (4s)
[3/20] oyun 3: 1-0 (checkmate)  inphish5: +2 =1 -0  83.3%  elo +280 ±577  süreden kayıp inphish5:0 SF19-3000:0  (7s)
[4/20] oyun 4: 0-1 (checkmate)  inphish5: +3 =1 -0  87.5%  elo +338 ±541  süreden kayıp inphish5:0 SF19-3000:0  (8s)
[5/20] oyun 5: 1-0 (checkmate)  inphish5: +4 =1 -0  90.0%  elo +382 ±516  süreden kayıp inphish5:0 SF19-3000:0  (11s)
[6/20] oyun 6: 1/2-1/2 (threefold_repetition)  inphish5: +4 =2 -0  83.3%  elo +280 ±548  süreden kayıp inphish5:0 SF19-3000:0  (12s)
[7/20] oyun 8: 1-0 (checkmate)  inphish5: +4 =2 -1  71.4%  elo +159 ±378  süreden kayıp inphish5:0 SF19-3000:0  (16s)
[8/20] oyun 7: 1/2-1/2 (fifty_moves)  inphish5: +4 =3 -1  68.8%  elo +137 ±242  süreden kayıp inphish5:0 SF19-3000:0  (17s)
[9/20] oyun 9: 1/2-1/2 (threefold_repetition)  inphish5: +4 =4 -1  66.7%  elo +120 ±195  süreden kayıp inphish5:0 SF19-3000:0  (19s)
[10/20] oyun 10: 0-1 (checkmate)  inphish5: +5 =4 -1  70.0%  elo +147 ±198  süreden kayıp inphish5:0 SF19-3000:0  (21s)
[11/20] oyun 11: 1/2-1/2 (threefold_repetition)  inphish5: +5 =5 -1  68.2%  elo +132 ±169  süreden kayıp inphish5:0 SF19-3000:0  (24s)
[12/20] oyun 12: 0-1 (checkmate)  inphish5: +6 =5 -1  70.8%  elo +154 ±172  süreden kayıp inphish5:0 SF19-3000:0  (25s)
[13/20] oyun 14: 0-1 (checkmate)  inphish5: +7 =5 -1  73.1%  elo +173 ±174  süreden kayıp inphish5:0 SF19-3000:0  (29s)
[14/20] oyun 13: 0-1 (checkmate)  inphish5: +7 =5 -2  67.9%  elo +130 ±166  süreden kayıp inphish5:0 SF19-3000:0  (29s)
[15/20] oyun 16: 1/2-1/2 (threefold_repetition)  inphish5: +7 =6 -2  66.7%  elo +120 ±150  süreden kayıp inphish5:0 SF19-3000:0  (33s)
[16/20] oyun 15: 1/2-1/2 (insufficient_material)  inphish5: +7 =7 -2  65.6%  elo +112 ±137  süreden kayıp inphish5:0 SF19-3000:0  (33s)
[17/20] oyun 17: 1/2-1/2 (insufficient_material)  inphish5: +7 =8 -2  64.7%  elo +105 ±127  süreden kayıp inphish5:0 SF19-3000:0  (37s)
[18/20] oyun 18: 0-1 (checkmate)  inphish5: +8 =8 -2  66.7%  elo +120 ±128  süreden kayıp inphish5:0 SF19-3000:0  (37s)
[19/20] oyun 19: 1-0 (checkmate)  inphish5: +9 =8 -2  68.4%  elo +134 ±128  süreden kayıp inphish5:0 SF19-3000:0  (42s)
[20/20] oyun 20: 1/2-1/2 (fifty_moves)  inphish5: +9 =9 -2  67.5%  elo +127 ±120  süreden kayıp inphish5:0 SF19-3000:0  (42s)
