[1/20] oyun 1: 1-0 (checkmate)  inphish5: +1 =0 -0  100.0%  elo +1200 ±938  süreden kayıp inphish5:0 SF19-3190:0  (4s)
[2/20] oyun 2: 1-0 (checkmate)  inphish5: +1 =0 -1  50.0%  elo -0 ±1200  süreden kayıp inphish5:0 SF19-3190:0  (4s)
[3/20] oyun 3: 1/2-1/2 (threefold_repetition)  inphish5: +1 =1 -1  50.0%  elo -0 ±561  süreden kayıp inphish5:0 SF19-3190:0  (7s)
[4/20] oyun 4: 1-0 (checkmate)  inphish5: +1 =1 -2  37.5%  elo -89 ±711  süreden kayıp inphish5:0 SF19-3190:0  (8s)
[5/20] oyun 5: 0-1 (checkmate)  inphish5: +1 =1 -3  30.0%  elo -147 ±654  süreden kayıp inphish5:0 SF19-3190:0  (11s)
[6/20] oyun 6: 1/2-1/2 (insufficient_material)  inphish5: +1 =2 -3  33.3%  elo -120 ±335  süreden kayıp inphish5:0 SF19-3190:0  (11s)
[7/20] oyun 7: 1-0 (checkmate)  inphish5: +2 =2 -3  42.9%  elo -50 ±263  süreden kayıp inphish5:0 SF19-3190:0  (15s)
[8/20] oyun 8: 1/2-1/2 (threefold_repetition)  inphish5: +2 =3 -3  43.8%  elo -44 ±216  süreden kayıp inphish5:0 SF19-3190:0  (16s)
[9/20] oyun 9: 1-0 (checkmate)  inphish5: +3 =3 -3  50.0%  elo -0 ±207  süreden kayıp inphish5:0 SF19-3190:0  (19s)
[10/20] oyun 10: 1/2-1/2 (threefold_repetition)  inphish5: +3 =4 -3  50.0%  elo -0 ±182  süreden kayıp inphish5:0 SF19-3190:0  (20s)
[11/20] oyun 11: 1/2-1/2 (threefold_repetition)  inphish5: +3 =5 -3  50.0%  elo -0 ±163  süreden kayıp inphish5:0 SF19-3190:0  (22s)
[12/20] oyun 13: 0-1 (checkmate)  inphish5: +3 =5 -4  45.8%  elo -29 ±161  süreden kayıp inphish5:0 SF19-3190:0  (25s)
[13/20] oyun 12: 1/2-1/2 (fifty_moves)  inphish5: +3 =6 -4  46.2%  elo -27 ±147  süreden kayıp inphish5:0 SF19-3190:0  (25s)
[14/20] oyun 14: 1-0 (checkmate)  inphish5: +3 =6 -5  42.9%  elo -50 ±147  süreden kayıp inphish5:0 SF19-3190:0  (28s)
[15/20] oyun 15: 1/2-1/2 (insufficient_material)  inphish5: +3 =7 -5  43.3%  elo -47 ±135  süreden kayıp inphish5:0 SF19-3190:0  (28s)
[16/20] oyun 16: 0-1 (checkmate)  inphish5: +4 =7 -5  46.9%  elo -22 ±134  süreden kayıp inphish5:0 SF19-3190:0  (32s)
[17/20] oyun 18: 0-1 (checkmate)  inphish5: +5 =7 -5  50.0%  elo -0 ±133  süreden kayıp inphish5:0 SF19-3190:0  (35s)
[18/20] oyun 17: 1/2-1/2 (fifty_moves)  inphish5: +5 =8 -5  50.0%  elo -0 ±125  süreden kayıp inphish5:0 SF19-3190:0  (35s)
[19/20] oyun 19: 1/2-1/2 (threefold_repetition)  inphish5: +5 =9 -5  50.0%  elo -0 ±118  süreden kayıp inphish5:0 SF19-3190:0  (38s)
[20/20] oyun 20: 1/2-1/2 (insufficient_material)  inphish5: +5 =10 -5  50.0%  elo -0 ±111  süreden kayıp inphish5:0 SF19-3190:0  (39s)
